// Jest Snapshot v1, https://goo.gl/fbAQLP

exports[`LectureScreen renders CourseScreen with courses loaded 1`] = `
<View
  style={
    [
      {
        "flexBasis": "0%",
        "flexGrow": 1,
        "flexShrink": 1,
      },
      {
        "backgroundColor": "#FFFFFF",
      },
    ]
  }
>
  <View
    style={
      [
        {
          "width": "100%",
        },
        {
          "height": "100%",
        },
        {
          "alignItems": "center",
        },
        {
          "justifyContent": "center",
        },
      ]
    }
  >
    <Text
      style={
        [
          {
            "fontSize": 25,
          },
          {
            "fontWeight": "700",
          },
          {
            "marginLeft": 10,
          },
        ]
      }
    >
      loading...
    </Text>
  </View>
</View>
`;

exports[`LectureScreen renders LectureScreen correctly when there are no lecture 1`] = `
<View
  style={
    [
      {
        "flexBasis": "0%",
        "flexGrow": 1,
        "flexShrink": 1,
      },
      {
        "backgroundColor": "#FFFFFF",
      },
    ]
  }
>
  <View
    style={
      [
        {
          "width": "100%",
        },
        {
          "height": "100%",
        },
        {
          "alignItems": "center",
        },
        {
          "justifyContent": "center",
        },
      ]
    }
  >
    <Text
      style={
        [
          {
            "fontSize": 25,
          },
          {
            "fontWeight": "700",
          },
          {
            "marginLeft": 10,
          },
        ]
      }
    >
      loading...
    </Text>
  </View>
</View>
`;
