// Jest Snapshot v1, https://goo.gl/fbAQLP

exports[`ExerciseScreen renders ExerciseScreen correctly 1`] = `
<View
  style={
    [
      {
        "backgroundColor": "#F1F9FB",
      },
      {
        "flexBasis": "0%",
        "flexGrow": 1,
        "flexShrink": 1,
      },
      {
        "justifyContent": "space-between",
      },
    ]
  }
>
  <RNCSafeAreaView
    edges={
      [
        "bottom",
        "left",
        "right",
        "top",
      ]
    }
    style={
      [
        {
          "justifyContent": "space-between",
        },
      ]
    }
  >
    <View
      style={
        [
          {
            "flexDirection": "row",
          },
          {
            "alignItems": "center",
          },
          {
            "justifyContent": "space-around",
          },
        ]
      }
    >
      <View
        style={
          [
            {
              "overflow": "hidden",
            },
            {
              "borderRadius": 20,
            },
            undefined,
            false,
          ]
        }
        testID="RNE_BUTTON_WRAPPER"
      >
        <View
          accessibilityRole="button"
          accessibilityState={
            {
              "busy": false,
              "disabled": false,
            }
          }
          accessible={true}
          collapsable={false}
          focusable={true}
          onClick={[Function]}
          onResponderGrant={[Function]}
          onResponderMove={[Function]}
          onResponderRelease={[Function]}
          onResponderTerminate={[Function]}
          onResponderTerminationRequest={[Function]}
          onStartShouldSetResponder={[Function]}
          style={
            {
              "opacity": 1,
            }
          }
        >
          <View
            style={
              {
                "alignItems": "center",
                "backgroundColor": "invisible",
                "borderColor": "#2089dc",
                "borderRadius": 20,
                "borderWidth": 0,
                "flexDirection": "row",
                "height": 50,
                "justifyContent": "center",
                "padding": 4,
                "paddingHorizontal": 6,
                "width": 50,
              }
            }
          >
            <View
              style={
                {
                  "overflow": "hidden",
                }
              }
              testID="RNE__ICON__CONTAINER"
            >
              <View
                accessibilityRole="button"
                android_ripple={
                  {
                    "borderless": false,
                    "color": "rgba(0, 0, 0, 0.3)",
                    "radius": -5,
                  }
                }
                disabled={false}
                testID="RNE__ICON__CONTAINER_ACTION"
              >
                <View
                  style={
                    {
                      "alignItems": "center",
                      "backgroundColor": "transparent",
                      "justifyContent": "center",
                    }
                  }
                  testID="RNE__ICON"
                >
                  <Text />
                </View>
              </View>
            </View>
          </View>
        </View>
      </View>
      <View
        style={
          [
            {
              "flexDirection": "row",
            },
            {
              "alignItems": "center",
            },
            {
              "justifyContent": "space-around",
            },
          ]
        }
      >
        <View
          animated={true}
          animationConfig={
            {
              "bounciness": 0,
            }
          }
          animationType="spring"
          indeterminate={false}
          indeterminateAnimationDuration={1000}
          onLayout={[Function]}
          progress={0.5}
          style={
            [
              {
                "backgroundColor": "rgba(228, 242, 245, 1)",
                "borderColor": "rgba(94, 204, 233, 1)",
                "borderRadius": 8,
                "borderWidth": 0,
                "overflow": "hidden",
                "width": 487.5,
              },
              undefined,
            ]
          }
          useNativeDriver={false}
        >
          <View
            collapsable={false}
            style={
              {
                "backgroundColor": "rgba(94, 204, 233, 1)",
                "height": 16.008,
                "transform": [
                  {
                    "translateX": 0,
                  },
                  {
                    "translateX": -121.875,
                  },
                  {
                    "scaleX": 0.50005,
                  },
                ],
              }
            }
          />
        </View>
        <Text
          style={
            [
              {
                "paddingLeft": 20,
                "paddingRight": 20,
              },
              {
                "textAlign": "center",
              },
              {
                "fontFamily": "Montserrat-Bold",
              },
              {
                "fontSize": 12,
              },
              {
                "color": "#383838",
              },
            ]
          }
        >
          50
          %
        </Text>
      </View>
    </View>
    <Text>
       Sem dados
    </Text>
    <View
      style={
        [
          {
            "flexDirection": "row",
          },
          {
            "justifyContent": "space-between",
          },
          {
            "alignItems": "flex-end",
          },
          {
            "paddingLeft": "6%",
            "paddingRight": "6%",
          },
          {
            "paddingBottom": "12%",
            "paddingTop": "12%",
          },
        ]
      }
    >
      <View>
        <Text
          style={
            [
              {
                "fontFamily": "Montserrat-Regular",
              },
              {
                "fontSize": 10,
              },
              {
                "color": "#A1ACB2",
              },
            ]
          }
        >
          Course name: 
        </Text>
        <Text
          style={
            [
              {
                "fontFamily": "Montserrat-Bold",
              },
              {
                "fontSize": 16,
              },
              {
                "color": "#383838",
              },
            ]
          }
        />
      </View>
      <View>
        <Image
          source={1}
        />
      </View>
    </View>
  </RNCSafeAreaView>
</View>
`;
