// Jest Snapshot v1, https://goo.gl/fbAQLP

exports[`LogOutButton render should render correctly 1`] = `
<View
  style={
    [
      {
        "flexDirection": "row",
      },
      {
        "alignItems": "center",
      },
      {
        "justifyContent": "flex-end",
      },
      {
        "paddingLeft": 24,
        "paddingRight": 24,
      },
      {
        "marginTop": "-40%",
      },
      {
        "marginBottom": "20%",
      },
    ]
  }
>
  <View
    accessible={true}
    collapsable={false}
    focusable={true}
    onClick={[Function]}
    onResponderGrant={[Function]}
    onResponderMove={[Function]}
    onResponderRelease={[Function]}
    onResponderTerminate={[Function]}
    onResponderTerminationRequest={[Function]}
    onStartShouldSetResponder={[Function]}
    style={
      {
        "alignItems": "center",
        "backgroundColor": "#dc2626",
        "borderBottomLeftRadius": 8,
        "borderBottomRightRadius": 8,
        "borderTopLeftRadius": 8,
        "borderTopRightRadius": 8,
        "opacity": 1,
        "paddingBottom": 8,
        "paddingLeft": 4,
        "paddingTop": 8,
        "width": "15%",
      }
    }
  >
    <View>
      <Text />
    </View>
  </View>
</View>
`;
