// Jest Snapshot v1, https://goo.gl/fbAQLP

exports[`Enter new password screen renders correctly 1`] = `
<View>
  <View>
    <View>
      <View
        style={
          [
            {
              "display": "flex",
            },
            {
              "flexDirection": "row",
            },
          ]
        }
      >
        <Text
          style={
            [
              {
                "marginLeft": 8,
              },
              {
                "fontSize": 12,
                "lineHeight": 16,
              },
              {
                "fontFamily": "Montserrat-Regular",
              },
            ]
          }
        >
          Nova senha
        </Text>
        <Text
          style={
            [
              {
                "marginLeft": 4,
              },
              {
                "fontSize": 12,
                "lineHeight": 16,
              },
              {
                "color": "#CF6679",
              },
              {
                "fontFamily": "Montserrat-Regular",
              },
            ]
          }
        >
          *
        </Text>
      </View>
      <View>
        <TextInput
          autoComplete="off"
          keyboardType="default"
          onChangeText={null}
          passwordGuidelines={true}
          placeholder="Entre sua senha"
          secureTextEntry={true}
          style={
            [
              {
                "paddingBottom": 4,
                "paddingTop": 4,
              },
              {
                "paddingLeft": 10,
              },
              {
                "backgroundColor": "#FFFFFF",
              },
              {
                "borderBottomLeftRadius": 8,
                "borderBottomRightRadius": 8,
                "borderTopLeftRadius": 8,
                "borderTopRightRadius": 8,
              },
              {
                "fontFamily": "Montserrat-Regular",
              },
              {
                "borderBottomWidth": 2,
                "borderLeftWidth": 2,
                "borderRightWidth": 2,
                "borderTopWidth": 2,
              },
              {
                "borderBottomColor": "#A1ACB2",
                "borderLeftColor": "#A1ACB2",
                "borderRightColor": "#A1ACB2",
                "borderTopColor": "#A1ACB2",
              },
            ]
          }
        />
      </View>
    </View>
    <View
      style={
        [
          {
            "position": "absolute",
          },
          {
            "right": 8,
          },
          {
            "top": 8,
          },
          {
            "marginTop": 12,
          },
        ]
      }
    >
      <Text />
    </View>
  </View>
  <View
    style={
      [
        {
          "marginTop": 24,
        },
        {
          "marginBottom": 40,
        },
      ]
    }
  >
    <View>
      <View
        style={
          [
            {
              "display": "flex",
            },
            {
              "flexDirection": "row",
            },
          ]
        }
      >
        <Text
          style={
            [
              {
                "marginLeft": 8,
              },
              {
                "fontSize": 12,
                "lineHeight": 16,
              },
              {
                "fontFamily": "Montserrat-Regular",
              },
            ]
          }
        >
          Confirmar nova senha
        </Text>
        <Text
          style={
            [
              {
                "marginLeft": 4,
              },
              {
                "fontSize": 12,
                "lineHeight": 16,
              },
              {
                "color": "#CF6679",
              },
              {
                "fontFamily": "Montserrat-Regular",
              },
            ]
          }
        >
          *
        </Text>
      </View>
      <View>
        <TextInput
          autoComplete="off"
          keyboardType="default"
          onChangeText={null}
          passwordGuidelines={false}
          placeholder="Confirme sua senha"
          secureTextEntry={true}
          style={
            [
              {
                "paddingBottom": 4,
                "paddingTop": 4,
              },
              {
                "paddingLeft": 10,
              },
              {
                "backgroundColor": "#FFFFFF",
              },
              {
                "borderBottomLeftRadius": 8,
                "borderBottomRightRadius": 8,
                "borderTopLeftRadius": 8,
                "borderTopRightRadius": 8,
              },
              {
                "fontFamily": "Montserrat-Regular",
              },
              {
                "borderBottomWidth": 2,
                "borderLeftWidth": 2,
                "borderRightWidth": 2,
                "borderTopWidth": 2,
              },
              {
                "borderBottomColor": "#A1ACB2",
                "borderLeftColor": "#A1ACB2",
                "borderRightColor": "#A1ACB2",
                "borderTopColor": "#A1ACB2",
              },
            ]
          }
        />
      </View>
    </View>
    <View
      style={
        [
          {
            "position": "absolute",
          },
          {
            "right": 8,
          },
          {
            "top": 8,
          },
          {
            "marginTop": 12,
          },
        ]
      }
    >
      <Text />
    </View>
  </View>
  <View
    style={
      [
        {
          "marginTop": 48,
        },
      ]
    }
  >
    <View
      accessible={true}
      collapsable={false}
      focusable={true}
      onBlur={[Function]}
      onClick={[Function]}
      onFocus={[Function]}
      onResponderGrant={[Function]}
      onResponderMove={[Function]}
      onResponderRelease={[Function]}
      onResponderTerminate={[Function]}
      onResponderTerminationRequest={[Function]}
      onStartShouldSetResponder={[Function]}
      style={
        [
          {
            "flexBasis": "auto",
            "flexGrow": 1,
            "flexShrink": 1,
          },
          {
            "alignItems": "center",
          },
          {
            "backgroundColor": "#5ECCE9",
          },
          {
            "paddingLeft": 40,
            "paddingRight": 40,
          },
          {
            "paddingBottom": 16,
            "paddingTop": 16,
          },
          {
            "borderBottomLeftRadius": 8,
            "borderBottomRightRadius": 8,
            "borderTopLeftRadius": 8,
            "borderTopRightRadius": 8,
          },
          {
            "opacity": 1,
          },
        ]
      }
    >
      <Text
        style={
          [
            {
              "color": "#FFFFFF",
            },
            {
              "fontSize": 16,
            },
            {
              "fontWeight": "700",
            },
          ]
        }
      >
        Entrar
      </Text>
    </View>
  </View>
</View>
`;
