// Jest Snapshot v1, https://goo.gl/fbAQLP

exports[`Ensure that the button is rendered correctly 1`] = `
<View>
  <View
    accessible={true}
    collapsable={false}
    focusable={false}
    onClick={[Function]}
    onResponderGrant={[Function]}
    onResponderMove={[Function]}
    onResponderRelease={[Function]}
    onResponderTerminate={[Function]}
    onResponderTerminationRequest={[Function]}
    onStartShouldSetResponder={[Function]}
    style={
      {
        "backgroundColor": "#5ECCE9",
        "borderBottomLeftRadius": 8,
        "borderBottomRightRadius": 8,
        "borderTopLeftRadius": 8,
        "borderTopRightRadius": 8,
        "opacity": 1,
        "paddingBottom": 16,
        "paddingLeft": 16,
        "paddingRight": 16,
        "paddingTop": 16,
      }
    }
  >
    <Text
      style={
        [
          {
            "fontFamily": "Montserrat-Regular",
          },
          {
            "color": "#383838",
          },
          {
            "fontSize": 16,
          },
          [
            {
              "textAlign": "center",
            },
            {
              "fontFamily": "Montserrat-Bold",
            },
            {
              "fontSize": 16,
            },
            {
              "color": "#FFFFFF",
            },
          ],
        ]
      }
    />
  </View>
</View>
`;
