// Jest Snapshot v1, https://goo.gl/fbAQLP

exports[`Ensure that the button is rendered correctly 1`] = `
<View
  style={
    [
      {
        "marginTop": 48,
      },
    ]
  }
>
  <View
    accessible={true}
    collapsable={false}
    focusable={true}
    onBlur={[Function]}
    onClick={[Function]}
    onFocus={[Function]}
    onResponderGrant={[Function]}
    onResponderMove={[Function]}
    onResponderRelease={[Function]}
    onResponderTerminate={[Function]}
    onResponderTerminationRequest={[Function]}
    onStartShouldSetResponder={[Function]}
    style={
      [
        {
          "flexBasis": "auto",
          "flexGrow": 1,
          "flexShrink": 1,
        },
        {
          "alignItems": "center",
        },
        {
          "backgroundColor": "#5ECCE9",
        },
        {
          "paddingLeft": 40,
          "paddingRight": 40,
        },
        {
          "paddingBottom": 16,
          "paddingTop": 16,
        },
        {
          "borderBottomLeftRadius": 8,
          "borderBottomRightRadius": 8,
          "borderTopLeftRadius": 8,
          "borderTopRightRadius": 8,
        },
        {
          "opacity": 1,
        },
      ]
    }
  >
    <Text
      style={
        [
          {
            "color": "#FFFFFF",
          },
          {
            "fontSize": 16,
          },
          {
            "fontWeight": "700",
          },
        ]
      }
    />
  </View>
</View>
`;
