// Jest Snapshot v1, https://goo.gl/fbAQLP

exports[`Ensure that the field is rendered correctly without props 1`] = `
<View
  style={
    [
      {
        "position": "absolute",
      },
      {
        "right": 8,
      },
      {
        "top": 8,
      },
      {
        "marginTop": 12,
      },
    ]
  }
>
  <Text />
</View>
`;
