// Jest Snapshot v1, https://goo.gl/fbAQLP

exports[`Ensure that the reset password page is rendered correctly when not visible 1`] = `
<Modal
  animationType="slide"
  hardwareAccelerated={false}
  style={
    [
      {
        "borderBottomWidth": 8,
        "borderLeftWidth": 8,
        "borderRightWidth": 8,
        "borderTopWidth": 8,
      },
      {
        "borderBottomColor": "#383838",
        "borderLeftColor": "#383838",
        "borderRightColor": "#383838",
        "borderTopColor": "#383838",
      },
    ]
  }
  visible={false}
/>
`;

exports[`Ensure that the reset password page is rendered correctly when visible 1`] = `
<Modal
  animationType="slide"
  hardwareAccelerated={false}
  style={
    [
      {
        "borderBottomWidth": 8,
        "borderLeftWidth": 8,
        "borderRightWidth": 8,
        "borderTopWidth": 8,
      },
      {
        "borderBottomColor": "#383838",
        "borderLeftColor": "#383838",
        "borderRightColor": "#383838",
        "borderTopColor": "#383838",
      },
    ]
  }
  visible={true}
>
  <View
    accessible={true}
    focusable={true}
    onClick={[Function]}
    onResponderGrant={[Function]}
    onResponderMove={[Function]}
    onResponderRelease={[Function]}
    onResponderTerminate={[Function]}
    onResponderTerminationRequest={[Function]}
    onStartShouldSetResponder={[Function]}
  >
    <View
      style={
        [
          {
            "display": "flex",
          },
          {
            "justifyContent": "center",
          },
          {
            "paddingTop": 40,
          },
        ]
      }
    >
      <View
        style={
          [
            {
              "display": "flex",
            },
            {
              "flexDirection": "row",
            },
            {
              "justifyContent": "flex-end",
            },
            {
              "paddingLeft": 40,
              "paddingRight": 40,
            },
          ]
        }
      >
        <View
          accessible={true}
          collapsable={false}
          focusable={true}
          onBlur={[Function]}
          onClick={[Function]}
          onFocus={[Function]}
          onResponderGrant={[Function]}
          onResponderMove={[Function]}
          onResponderRelease={[Function]}
          onResponderTerminate={[Function]}
          onResponderTerminationRequest={[Function]}
          onStartShouldSetResponder={[Function]}
        >
          <Text
            allowFontScaling={false}
            selectable={false}
            style={
              [
                {
                  "color": undefined,
                  "fontSize": 24,
                },
                undefined,
                {
                  "fontFamily": "entypo",
                  "fontStyle": "normal",
                  "fontWeight": "normal",
                },
                {},
              ]
            }
          >
            
          </Text>
        </View>
      </View>
      <View
        style={
          [
            {
              "display": "flex",
            },
            {
              "flexDirection": "row",
            },
            {
              "justifyContent": "center",
            },
            {
              "marginBottom": 40,
              "marginTop": 40,
            },
          ]
        }
      >
        <Image
          resizeMode="contain"
          source={1}
          style={
            [
              {
                "height": 48,
              },
            ]
          }
        />
      </View>
      <View
        style={
          [
            {
              "display": "flex",
            },
            {
              "flexDirection": "row",
            },
            {
              "justifyContent": "flex-start",
            },
            {
              "paddingLeft": 40,
              "paddingRight": 40,
            },
          ]
        }
      >
        <Text
          style={
            [
              {
                "fontFamily": "Montserrat-Regular",
              },
              [
                {
                  "textAlign": "center",
                },
                {
                  "fontSize": 24,
                },
              ],
            ]
          }
        >
          Redefinção de senha
        </Text>
      </View>
    </View>
    <View
      style={
        [
          {
            "marginBottom": 80,
            "marginTop": 80,
          },
          {
            "paddingLeft": 40,
            "paddingRight": 40,
          },
        ]
      }
    >
      <View>
        <View>
          <View
            style={
              [
                {
                  "display": "flex",
                },
                {
                  "flexDirection": "row",
                },
              ]
            }
          >
            <Text
              style={
                [
                  {
                    "fontFamily": "Montserrat-Regular",
                  },
                  [
                    {
                      "marginLeft": 8,
                    },
                    {
                      "fontSize": 12,
                      "lineHeight": 16,
                    },
                  ],
                ]
              }
            >
              Email
            </Text>
            <Text
              style={
                [
                  {
                    "fontFamily": "Montserrat-Regular",
                  },
                  [
                    {
                      "marginLeft": 4,
                    },
                    {
                      "fontSize": 12,
                      "lineHeight": 16,
                    },
                    {
                      "color": "#CF6679",
                    },
                  ],
                ]
              }
            >
              *
            </Text>
          </View>
          <View>
            <TextInput
              autoComplete="off"
              keyboardType="default"
              onChangeText={null}
              passwordGuidelines={false}
              placeholder="user@email.com"
              secureTextEntry={false}
              style={
                [
                  {
                    "paddingBottom": 4,
                    "paddingTop": 4,
                  },
                  {
                    "paddingLeft": 10,
                  },
                  {
                    "backgroundColor": "#FFFFFF",
                  },
                  {
                    "borderBottomLeftRadius": 8,
                    "borderBottomRightRadius": 8,
                    "borderTopLeftRadius": 8,
                    "borderTopRightRadius": 8,
                  },
                  {
                    "borderBottomWidth": 2,
                    "borderLeftWidth": 2,
                    "borderRightWidth": 2,
                    "borderTopWidth": 2,
                  },
                  {
                    "borderBottomColor": "#A1ACB2",
                    "borderLeftColor": "#A1ACB2",
                    "borderRightColor": "#A1ACB2",
                    "borderTopColor": "#A1ACB2",
                  },
                ]
              }
            />
          </View>
        </View>
        <View
          style={
            [
              {
                "marginTop": 40,
              },
            ]
          }
        >
          <View
            style={
              [
                {
                  "marginTop": 48,
                },
              ]
            }
          >
            <View
              accessible={true}
              collapsable={false}
              focusable={true}
              onBlur={[Function]}
              onClick={[Function]}
              onFocus={[Function]}
              onResponderGrant={[Function]}
              onResponderMove={[Function]}
              onResponderRelease={[Function]}
              onResponderTerminate={[Function]}
              onResponderTerminationRequest={[Function]}
              onStartShouldSetResponder={[Function]}
              style={
                [
                  {
                    "flexBasis": "auto",
                    "flexGrow": 1,
                    "flexShrink": 1,
                  },
                  {
                    "alignItems": "center",
                  },
                  {
                    "backgroundColor": "#5ECCE9",
                  },
                  {
                    "paddingLeft": 40,
                    "paddingRight": 40,
                  },
                  {
                    "paddingBottom": 16,
                    "paddingTop": 16,
                  },
                  {
                    "borderBottomLeftRadius": 8,
                    "borderBottomRightRadius": 8,
                    "borderTopLeftRadius": 8,
                    "borderTopRightRadius": 8,
                  },
                  {
                    "opacity": 1,
                  },
                ]
              }
            >
              <Text
                style={
                  [
                    {
                      "fontFamily": "Montserrat-Regular",
                    },
                    [
                      {
                        "color": "#FFFFFF",
                      },
                      {
                        "fontSize": 16,
                      },
                      {
                        "fontWeight": "700",
                      },
                    ],
                  ]
                }
              >
                Enviar código
              </Text>
            </View>
          </View>
        </View>
      </View>
    </View>
  </View>
</Modal>
`;
