// Jest Snapshot v1, https://goo.gl/fbAQLP

exports[`EditPassword Component renders correctly 1`] = `
<RCTSafeAreaView
  emulateUnlessSupported={true}
  style={
    [
      {
        "backgroundColor": "#F1F9FB",
      },
    ]
  }
>
  <View
    style={
      [
        {
          "display": "flex",
        },
        {
          "flexDirection": "column",
        },
        {
          "marginLeft": 16,
          "marginRight": 16,
        },
        {
          "zIndex": 10,
        },
      ]
    }
  >
    <View>
      <View
        style={
          [
            {
              "position": "relative",
            },
            {
              "marginTop": 48,
            },
            {
              "marginBottom": 24,
            },
          ]
        }
      >
        <View
          accessible={true}
          collapsable={false}
          focusable={true}
          onBlur={[Function]}
          onClick={[Function]}
          onFocus={[Function]}
          onResponderGrant={[Function]}
          onResponderMove={[Function]}
          onResponderRelease={[Function]}
          onResponderTerminate={[Function]}
          onResponderTerminationRequest={[Function]}
          onStartShouldSetResponder={[Function]}
          style={
            [
              {
                "position": "absolute",
              },
              {
                "zIndex": 50,
              },
              {
                "paddingBottom": 16,
                "paddingLeft": 16,
                "paddingRight": 16,
                "paddingTop": 16,
              },
              {
                "marginBottom": -16,
                "marginLeft": -16,
                "marginRight": -16,
                "marginTop": -16,
              },
            ]
          }
        >
          <View
            style={
              {
                "overflow": "hidden",
              }
            }
            testID="RNE__ICON__CONTAINER"
          >
            <View
              accessibilityRole="button"
              android_ripple={
                {
                  "borderless": false,
                  "color": "rgba(0, 0, 0, 0.3)",
                  "radius": -5,
                }
              }
              disabled={false}
              testID="RNE__ICON__CONTAINER_ACTION"
            >
              <View
                style={
                  {
                    "alignItems": "center",
                    "backgroundColor": "transparent",
                    "justifyContent": "center",
                  }
                }
                testID="RNE__ICON"
              >
                <Text />
              </View>
            </View>
          </View>
        </View>
        <Text
          style={
            [
              {
                "fontFamily": "Montserrat-Regular",
              },
              {
                "color": "#383838",
              },
              {
                "fontSize": 16,
              },
              [
                {
                  "width": "100%",
                },
                {
                  "textAlign": "center",
                },
                {
                  "fontSize": 20,
                  "lineHeight": 28,
                },
                {
                  "fontFamily": "Montserrat-Bold",
                },
              ],
            ]
          }
        >
          Alterar senha
        </Text>
      </View>
    </View>
    <View
      style={
        [
          {
            "position": "relative",
          },
          [
            {
              "marginBottom": 16,
            },
          ],
        ]
      }
    >
      <View>
        <View
          style={
            [
              {
                "display": "flex",
              },
              {
                "flexDirection": "row",
              },
            ]
          }
        >
          <Text
            style={
              [
                {
                  "fontFamily": "Montserrat-Regular",
                },
                {
                  "color": "#383838",
                },
                {
                  "fontSize": 16,
                },
                [
                  {
                    "marginLeft": 8,
                  },
                  {
                    "fontSize": 18,
                    "lineHeight": 28,
                  },
                ],
              ]
            }
          >
            Senha atual
          </Text>
          <Text
            style={
              [
                {
                  "fontFamily": "Montserrat-Regular",
                },
                {
                  "color": "#383838",
                },
                {
                  "fontSize": 16,
                },
                [
                  {
                    "marginLeft": 4,
                  },
                  {
                    "fontSize": 18,
                    "lineHeight": 28,
                  },
                  {
                    "color": "#FF4949",
                  },
                ],
              ]
            }
          >
            *
          </Text>
        </View>
        <View>
          <TextInput
            autoComplete="off"
            keyboardType="default"
            onChangeText={[Function]}
            passwordGuidelines={false}
            placeholder="Insira sua senha"
            secureTextEntry={true}
            style={
              [
                {
                  "fontSize": 16,
                  "lineHeight": 24,
                },
                {
                  "paddingBottom": 4,
                  "paddingTop": 4,
                },
                {
                  "paddingLeft": 10,
                },
                {
                  "backgroundColor": "#FFFFFF",
                },
                {
                  "borderBottomLeftRadius": 8,
                  "borderBottomRightRadius": 8,
                  "borderTopLeftRadius": 8,
                  "borderTopRightRadius": 8,
                },
              ]
            }
            value=""
          />
        </View>
      </View>
      <View
        accessible={true}
        collapsable={false}
        focusable={true}
        onBlur={[Function]}
        onClick={[Function]}
        onFocus={[Function]}
        onResponderGrant={[Function]}
        onResponderMove={[Function]}
        onResponderRelease={[Function]}
        onResponderTerminate={[Function]}
        onResponderTerminationRequest={[Function]}
        onStartShouldSetResponder={[Function]}
        style={
          [
            {
              "position": "absolute",
            },
            {
              "right": 0,
            },
            {
              "top": 20,
            },
            {
              "paddingBottom": 12,
              "paddingLeft": 12,
              "paddingRight": 12,
              "paddingTop": 12,
            },
          ]
        }
      >
        <Text />
      </View>
    </View>
    <View
      style={
        [
          {
            "flexDirection": "row",
          },
          {
            "alignItems": "center",
          },
        ]
      }
    >
      <Text
        style={
          [
            {
              "fontFamily": "Montserrat-Regular",
            },
            {
              "color": "#383838",
            },
            {
              "fontSize": 16,
            },
            [
              {
                "fontSize": 16,
                "lineHeight": 24,
              },
              {
                "color": "#FF4949",
              },
              {
                "marginLeft": 8,
                "marginRight": 8,
              },
            ],
          ]
        }
      />
    </View>
    <View
      style={
        [
          {
            "position": "relative",
          },
          [
            {
              "marginBottom": 16,
            },
          ],
        ]
      }
    >
      <View>
        <View
          style={
            [
              {
                "display": "flex",
              },
              {
                "flexDirection": "row",
              },
            ]
          }
        >
          <Text
            style={
              [
                {
                  "fontFamily": "Montserrat-Regular",
                },
                {
                  "color": "#383838",
                },
                {
                  "fontSize": 16,
                },
                [
                  {
                    "marginLeft": 8,
                  },
                  {
                    "fontSize": 18,
                    "lineHeight": 28,
                  },
                ],
              ]
            }
          >
            Nova senha
          </Text>
          <Text
            style={
              [
                {
                  "fontFamily": "Montserrat-Regular",
                },
                {
                  "color": "#383838",
                },
                {
                  "fontSize": 16,
                },
                [
                  {
                    "marginLeft": 4,
                  },
                  {
                    "fontSize": 18,
                    "lineHeight": 28,
                  },
                  {
                    "color": "#FF4949",
                  },
                ],
              ]
            }
          >
            *
          </Text>
        </View>
        <View>
          <TextInput
            autoComplete="off"
            keyboardType="default"
            onChangeText={[Function]}
            passwordGuidelines={false}
            placeholder="Insira sua senha"
            secureTextEntry={true}
            style={
              [
                {
                  "fontSize": 16,
                  "lineHeight": 24,
                },
                {
                  "paddingBottom": 4,
                  "paddingTop": 4,
                },
                {
                  "paddingLeft": 10,
                },
                {
                  "backgroundColor": "#FFFFFF",
                },
                {
                  "borderBottomLeftRadius": 8,
                  "borderBottomRightRadius": 8,
                  "borderTopLeftRadius": 8,
                  "borderTopRightRadius": 8,
                },
              ]
            }
            value=""
          />
        </View>
      </View>
      <View
        accessible={true}
        collapsable={false}
        focusable={true}
        onBlur={[Function]}
        onClick={[Function]}
        onFocus={[Function]}
        onResponderGrant={[Function]}
        onResponderMove={[Function]}
        onResponderRelease={[Function]}
        onResponderTerminate={[Function]}
        onResponderTerminationRequest={[Function]}
        onStartShouldSetResponder={[Function]}
        style={
          [
            {
              "position": "absolute",
            },
            {
              "right": 0,
            },
            {
              "top": 20,
            },
            {
              "paddingBottom": 12,
              "paddingLeft": 12,
              "paddingRight": 12,
              "paddingTop": 12,
            },
          ]
        }
      >
        <Text />
      </View>
    </View>
    <View
      style={
        [
          {
            "flexDirection": "row",
          },
          {
            "alignItems": "center",
          },
        ]
      }
    >
      <Text
        style={
          [
            {
              "fontFamily": "Montserrat-Regular",
            },
            {
              "color": "#383838",
            },
            {
              "fontSize": 16,
            },
            [
              {
                "fontSize": 16,
                "lineHeight": 24,
              },
              {
                "color": "#FF4949",
              },
              {
                "marginLeft": 8,
                "marginRight": 8,
              },
            ],
          ]
        }
      />
    </View>
    <View
      style={
        [
          {
            "position": "relative",
          },
        ]
      }
    >
      <View>
        <View
          style={
            [
              {
                "display": "flex",
              },
              {
                "flexDirection": "row",
              },
            ]
          }
        >
          <Text
            style={
              [
                {
                  "fontFamily": "Montserrat-Regular",
                },
                {
                  "color": "#383838",
                },
                {
                  "fontSize": 16,
                },
                [
                  {
                    "marginLeft": 8,
                  },
                  {
                    "fontSize": 18,
                    "lineHeight": 28,
                  },
                ],
              ]
            }
          >
            Confirmar senha
          </Text>
          <Text
            style={
              [
                {
                  "fontFamily": "Montserrat-Regular",
                },
                {
                  "color": "#383838",
                },
                {
                  "fontSize": 16,
                },
                [
                  {
                    "marginLeft": 4,
                  },
                  {
                    "fontSize": 18,
                    "lineHeight": 28,
                  },
                  {
                    "color": "#FF4949",
                  },
                ],
              ]
            }
          >
            *
          </Text>
        </View>
        <View>
          <TextInput
            autoComplete="off"
            keyboardType="default"
            onChangeText={[Function]}
            passwordGuidelines={false}
            placeholder="Insira sua senha"
            secureTextEntry={true}
            style={
              [
                {
                  "fontSize": 16,
                  "lineHeight": 24,
                },
                {
                  "paddingBottom": 4,
                  "paddingTop": 4,
                },
                {
                  "paddingLeft": 10,
                },
                {
                  "backgroundColor": "#FFFFFF",
                },
                {
                  "borderBottomLeftRadius": 8,
                  "borderBottomRightRadius": 8,
                  "borderTopLeftRadius": 8,
                  "borderTopRightRadius": 8,
                },
              ]
            }
            value=""
          />
        </View>
      </View>
      <View
        accessible={true}
        collapsable={false}
        focusable={true}
        onBlur={[Function]}
        onClick={[Function]}
        onFocus={[Function]}
        onResponderGrant={[Function]}
        onResponderMove={[Function]}
        onResponderRelease={[Function]}
        onResponderTerminate={[Function]}
        onResponderTerminationRequest={[Function]}
        onStartShouldSetResponder={[Function]}
        style={
          [
            {
              "position": "absolute",
            },
            {
              "right": 0,
            },
            {
              "top": 20,
            },
            {
              "paddingBottom": 12,
              "paddingLeft": 12,
              "paddingRight": 12,
              "paddingTop": 12,
            },
          ]
        }
      >
        <Text />
      </View>
    </View>
    <View
      style={
        [
          {
            "flexDirection": "row",
          },
          {
            "alignItems": "center",
          },
        ]
      }
    >
      <Text
        style={
          [
            {
              "fontFamily": "Montserrat-Regular",
            },
            {
              "color": "#383838",
            },
            {
              "fontSize": 16,
            },
            [
              {
                "fontSize": 16,
                "lineHeight": 24,
              },
              {
                "color": "#FF4949",
              },
              {
                "marginLeft": 8,
                "marginRight": 8,
              },
            ],
          ]
        }
      />
    </View>
    <View>
      <View
        accessibilityState={
          {
            "disabled": true,
          }
        }
        accessible={true}
        collapsable={false}
        focusable={true}
        onClick={[Function]}
        onResponderGrant={[Function]}
        onResponderMove={[Function]}
        onResponderRelease={[Function]}
        onResponderTerminate={[Function]}
        onResponderTerminationRequest={[Function]}
        onStartShouldSetResponder={[Function]}
        style={
          {
            "backgroundColor": "#166276",
            "borderBottomLeftRadius": 8,
            "borderBottomRightRadius": 8,
            "borderTopLeftRadius": 8,
            "borderTopRightRadius": 8,
            "marginTop": 16,
            "opacity": 0.5,
            "paddingBottom": 16,
            "paddingLeft": 16,
            "paddingRight": 16,
            "paddingTop": 16,
          }
        }
      >
        <Text
          style={
            [
              {
                "fontFamily": "Montserrat-Regular",
              },
              {
                "color": "#383838",
              },
              {
                "fontSize": 16,
              },
              [
                {
                  "textAlign": "center",
                },
                {
                  "fontFamily": "Montserrat-Bold",
                },
                {
                  "fontSize": 16,
                },
                {
                  "color": "#FFFFFF",
                },
              ],
            ]
          }
        >
          Confirmar
        </Text>
      </View>
    </View>
  </View>
</RCTSafeAreaView>
`;
