// Jest Snapshot v1, https://goo.gl/fbAQLP

exports[`Login screen Login screen renders 1`] = `
<RNCSafeAreaView
  edges={
    [
      "bottom",
      "left",
      "right",
      "top",
    ]
  }
  style={
    [
      {
        "justifyContent": "flex-start",
      },
      {
        "backgroundColor": "#F1F9FB",
      },
      {
        "flexBasis": "0%",
        "flexGrow": 1,
        "flexShrink": 1,
      },
    ]
  }
>
  <RNCSafeAreaView
    edges={
      [
        "bottom",
        "left",
        "right",
        "top",
      ]
    }
    style={
      [
        {
          "paddingBottom": 40,
          "paddingTop": 40,
        },
        {
          "paddingLeft": 24,
          "paddingRight": 24,
        },
        {
          "justifyContent": "center",
        },
        {
          "alignItems": "center",
        },
        {
          "flexBasis": "0%",
          "flexGrow": 1,
          "flexShrink": 1,
        },
        {
          "marginLeft": -40,
          "marginTop": -40,
        },
        {
          "backgroundColor": "#F1F9FB",
        },
      ]
    }
  >
    <Image
      source={1}
      style={
        [
          {
            "marginLeft": 40,
            "marginTop": 40,
          },
        ]
      }
    />
    <Text
      style={
        [
          {
            "fontFamily": "Montserrat-Regular",
          },
          {
            "color": "#383838",
          },
          {
            "fontSize": 16,
          },
          [
            {
              "textAlign": "center",
            },
            {
              "fontSize": 16,
            },
            {
              "color": "#383838",
            },
            [
              {
                "marginLeft": 40,
                "marginTop": 40,
              },
            ],
          ],
        ]
      }
    >
      Transformando conhecimento em liberdade
    </Text>
    <ActivityIndicator
      color="#5ECCE9"
      size={115}
      style={
        [
          {
            "marginLeft": 40,
            "marginTop": 40,
          },
        ]
      }
    />
  </RNCSafeAreaView>
</RNCSafeAreaView>
`;
