// Jest Snapshot v1, https://goo.gl/fbAQLP

exports[`SectionScreen Renders section screen with sections loaded 1`] = `
[
  <View
    style={
      [
        {
          "display": "flex",
        },
        {
          "flexDirection": "row",
        },
        {
          "alignItems": "center",
        },
        {
          "paddingLeft": 24,
          "paddingRight": 24,
        },
        {
          "paddingTop": "20%",
        },
      ]
    }
  >
    <View
      accessible={true}
      collapsable={false}
      focusable={true}
      onClick={[Function]}
      onResponderGrant={[Function]}
      onResponderMove={[Function]}
      onResponderRelease={[Function]}
      onResponderTerminate={[Function]}
      onResponderTerminationRequest={[Function]}
      onStartShouldSetResponder={[Function]}
      style={
        {
          "opacity": 1,
          "paddingRight": 12,
        }
      }
    >
      <Text
        allowFontScaling={false}
        selectable={false}
        style={
          [
            {
              "color": "black",
              "fontSize": 25,
            },
            undefined,
            {
              "fontFamily": "material-community",
              "fontStyle": "normal",
              "fontWeight": "normal",
            },
            {},
          ]
        }
      >
        󰅁
      </Text>
    </View>
    <Text
      style={
        [
          {
            "fontFamily": "Montserrat-Regular",
          },
          {
            "color": "#383838",
          },
          {
            "fontSize": 16,
          },
          [
            {
              "fontSize": 25,
            },
            {
              "fontFamily": "Montserrat-Bold",
              "fontWeight": "700",
            },
          ],
        ]
      }
    >
      1
    </Text>
    <View
      style={
        {
          "flex": 1,
        }
      }
    />
  </View>,
  <View
    style={
      [
        {
          "flexBasis": 0,
          "flexGrow": 1,
          "flexShrink": 1,
        },
        {
          "flexDirection": "column",
        },
        {
          "marginBottom": 10,
          "marginTop": 10,
        },
      ]
    }
  >
    <View
      style={
        [
          {
            "flexDirection": "row",
          },
          {
            "alignItems": "center",
          },
          {
            "justifyContent": "space-around",
          },
        ]
      }
    >
      <View
        animated={true}
        animationConfig={
          {
            "bounciness": 0,
          }
        }
        animationType="spring"
        indeterminate={false}
        indeterminateAnimationDuration={1000}
        onLayout={[Function]}
        progress={0}
        style={
          [
            {
              "backgroundColor": "#E4F2F5",
              "borderColor": "#5ECCDD",
              "borderRadius": 8,
              "borderWidth": 0,
              "overflow": "hidden",
              "width": 450,
            },
            undefined,
          ]
        }
        useNativeDriver={false}
      >
        <View
          collapsable={false}
          style={
            {
              "backgroundColor": "#5ECCDD",
              "height": 40.019999999999996,
              "transform": [
                {
                  "translateX": 0,
                },
                {
                  "translateX": -225,
                },
                {
                  "scaleX": 0.0001,
                },
              ],
            }
          }
        />
      </View>
      <Text
        style={
          [
            {
              "paddingLeft": 20,
              "paddingRight": 20,
            },
            {
              "textAlign": "center",
            },
            {
              "fontFamily": "Montserrat-Bold",
            },
            {
              "fontSize": 12,
            },
            {
              "color": "#383838",
            },
          ]
        }
      >
        0
        %
      </Text>
    </View>
    <RCTScrollView
      collapsable={false}
      handlerTag={1}
      handlerType="NativeViewGestureHandler"
      onGestureHandlerEvent={[Function]}
      onGestureHandlerStateChange={[Function]}
      showsVerticalScrollIndicator={false}
      style={
        [
          {
            "marginTop": "5%",
          },
        ]
      }
    >
      <View>
        <View>
          <View
            accessible={true}
            collapsable={false}
            focusable={true}
            onBlur={[Function]}
            onClick={[Function]}
            onFocus={[Function]}
            onResponderGrant={[Function]}
            onResponderMove={[Function]}
            onResponderRelease={[Function]}
            onResponderTerminate={[Function]}
            onResponderTerminationRequest={[Function]}
            onStartShouldSetResponder={[Function]}
            style={
              [
                {
                  "backgroundColor": "#FFFFFF",
                },
                {
                  "borderBottomLeftRadius": 8,
                  "borderBottomRightRadius": 8,
                  "borderTopLeftRadius": 8,
                  "borderTopRightRadius": 8,
                },
                {
                  "shadowColor": "rgba(0, 0, 0, 0.1)",
                  "shadowOffset": {
                    "height": 10,
                    "width": 0,
                  },
                  "shadowOpacity": 1,
                  "shadowRadius": 15,
                },
                {
                  "marginBottom": 15,
                },
                {
                  "marginLeft": 18,
                  "marginRight": 18,
                },
                {
                  "overflow": "hidden",
                },
                {
                  "elevation": 8,
                },
              ]
            }
            testID="collapsible"
          >
            <View
              style={
                [
                  {
                    "flexDirection": "row",
                  },
                  {
                    "alignItems": "center",
                  },
                  {
                    "justifyContent": "space-between",
                  },
                  {
                    "paddingLeft": 25,
                    "paddingRight": 25,
                  },
                  {
                    "paddingBottom": 15,
                    "paddingTop": 15,
                  },
                  {
                    "backgroundColor": "#8DD08C",
                  },
                ]
              }
            >
              <Text
                style={
                  [
                    {
                      "fontFamily": "Montserrat-Regular",
                    },
                    {
                      "color": "#383838",
                    },
                    {
                      "fontSize": 16,
                    },
                    [
                      {
                        "fontSize": 16,
                      },
                      {
                        "fontFamily": "Montserrat-Bold",
                        "fontWeight": "700",
                      },
                      {
                        "color": "#383838",
                      },
                      {
                        "flexBasis": 0,
                        "flexGrow": 1,
                        "flexShrink": 1,
                      },
                    ],
                  ]
                }
              >
                test section
              </Text>
              <Text
                style={
                  [
                    {
                      "fontFamily": "Montserrat-Regular",
                    },
                    {
                      "color": "#383838",
                    },
                    {
                      "fontSize": 16,
                    },
                    [
                      {
                        "marginRight": 10,
                      },
                      {
                        "color": "#383838",
                      },
                    ],
                  ]
                }
              >
                0
                /
                0
                 concluídos
              </Text>
              <Text
                allowFontScaling={false}
                selectable={false}
                style={
                  [
                    {
                      "color": "gray",
                      "fontSize": 25,
                    },
                    undefined,
                    {
                      "fontFamily": "material-community",
                      "fontStyle": "normal",
                      "fontWeight": "normal",
                    },
                    {},
                  ]
                }
                testID="chevron-down"
              >
                󰅀
              </Text>
            </View>
            <View
              collapsable={false}
              pointerEvents="none"
              style={
                {
                  "height": 0,
                  "overflow": "hidden",
                }
              }
            >
              <View
                collapsable={false}
                forwardedRef={[Function]}
                onLayout={[Function]}
                style={{}}
              >
                <View
                  style={
                    [
                      {
                        "height": 1,
                      },
                      {
                        "backgroundColor": "#DDD",
                      },
                    ]
                  }
                />
                <Text
                  style={
                    [
                      {
                        "fontFamily": "Montserrat-Regular",
                      },
                      {
                        "color": "#383838",
                      },
                      {
                        "fontSize": 16,
                      },
                      [
                        {
                          "marginLeft": 20,
                          "marginRight": 20,
                        },
                        {
                          "marginBottom": 10,
                          "marginTop": 10,
                        },
                      ],
                    ]
                  }
                >
                  this is a test section
                </Text>
                <View
                  style={
                    [
                      {
                        "width": "100%",
                      },
                    ]
                  }
                >
                  <View
                    accessible={true}
                    collapsable={false}
                    focusable={true}
                    onClick={[Function]}
                    onResponderGrant={[Function]}
                    onResponderMove={[Function]}
                    onResponderRelease={[Function]}
                    onResponderTerminate={[Function]}
                    onResponderTerminationRequest={[Function]}
                    onStartShouldSetResponder={[Function]}
                    style={
                      {
                        "alignItems": "center",
                        "height": 300,
                        "justifyContent": "center",
                        "opacity": 1,
                        "position": "relative",
                        "width": "100%",
                      }
                    }
                  >
                    <Image
                      source={1}
                      style={
                        [
                          {
                            "width": "100%",
                          },
                          {
                            "height": 300,
                          },
                        ]
                      }
                    />
                    <View
                      style={
                        [
                          {
                            "position": "absolute",
                          },
                          {
                            "zIndex": 1,
                          },
                        ]
                      }
                    >
                      <Text
                        allowFontScaling={false}
                        selectable={false}
                        style={
                          [
                            {
                              "color": "lightblue",
                              "fontSize": 100,
                            },
                            undefined,
                            {
                              "fontFamily": "material-community",
                              "fontStyle": "normal",
                              "fontWeight": "normal",
                            },
                            {},
                          ]
                        }
                      >
                        󰐍
                      </Text>
                    </View>
                  </View>
                </View>
              </View>
            </View>
          </View>
        </View>
        <View>
          <View
            accessible={true}
            collapsable={false}
            focusable={true}
            onBlur={[Function]}
            onClick={[Function]}
            onFocus={[Function]}
            onResponderGrant={[Function]}
            onResponderMove={[Function]}
            onResponderRelease={[Function]}
            onResponderTerminate={[Function]}
            onResponderTerminationRequest={[Function]}
            onStartShouldSetResponder={[Function]}
            style={
              [
                {
                  "backgroundColor": "#FFFFFF",
                },
                {
                  "borderBottomLeftRadius": 8,
                  "borderBottomRightRadius": 8,
                  "borderTopLeftRadius": 8,
                  "borderTopRightRadius": 8,
                },
                {
                  "shadowColor": "rgba(0, 0, 0, 0.1)",
                  "shadowOffset": {
                    "height": 10,
                    "width": 0,
                  },
                  "shadowOpacity": 1,
                  "shadowRadius": 15,
                },
                {
                  "marginBottom": 15,
                },
                {
                  "marginLeft": 18,
                  "marginRight": 18,
                },
                {
                  "overflow": "hidden",
                },
                {
                  "elevation": 8,
                },
              ]
            }
            testID="collapsible"
          >
            <View
              style={
                [
                  {
                    "flexDirection": "row",
                  },
                  {
                    "alignItems": "center",
                  },
                  {
                    "justifyContent": "space-between",
                  },
                  {
                    "paddingLeft": 25,
                    "paddingRight": 25,
                  },
                  {
                    "paddingBottom": 15,
                    "paddingTop": 15,
                  },
                  {
                    "backgroundColor": "#8DD08C",
                  },
                ]
              }
            >
              <Text
                style={
                  [
                    {
                      "fontFamily": "Montserrat-Regular",
                    },
                    {
                      "color": "#383838",
                    },
                    {
                      "fontSize": 16,
                    },
                    [
                      {
                        "fontSize": 16,
                      },
                      {
                        "fontFamily": "Montserrat-Bold",
                        "fontWeight": "700",
                      },
                      {
                        "color": "#383838",
                      },
                      {
                        "flexBasis": 0,
                        "flexGrow": 1,
                        "flexShrink": 1,
                      },
                    ],
                  ]
                }
              >
                test section 2
              </Text>
              <Text
                style={
                  [
                    {
                      "fontFamily": "Montserrat-Regular",
                    },
                    {
                      "color": "#383838",
                    },
                    {
                      "fontSize": 16,
                    },
                    [
                      {
                        "marginRight": 10,
                      },
                      {
                        "color": "#383838",
                      },
                    ],
                  ]
                }
              >
                0
                /
                0
                 concluídos
              </Text>
              <Text
                allowFontScaling={false}
                selectable={false}
                style={
                  [
                    {
                      "color": "gray",
                      "fontSize": 25,
                    },
                    undefined,
                    {
                      "fontFamily": "material-community",
                      "fontStyle": "normal",
                      "fontWeight": "normal",
                    },
                    {},
                  ]
                }
                testID="chevron-down"
              >
                󰅀
              </Text>
            </View>
            <View
              collapsable={false}
              pointerEvents="none"
              style={
                {
                  "height": 0,
                  "overflow": "hidden",
                }
              }
            >
              <View
                collapsable={false}
                forwardedRef={[Function]}
                onLayout={[Function]}
                style={{}}
              >
                <View
                  style={
                    [
                      {
                        "height": 1,
                      },
                      {
                        "backgroundColor": "#DDD",
                      },
                    ]
                  }
                />
                <Text
                  style={
                    [
                      {
                        "fontFamily": "Montserrat-Regular",
                      },
                      {
                        "color": "#383838",
                      },
                      {
                        "fontSize": 16,
                      },
                      [
                        {
                          "marginLeft": 20,
                          "marginRight": 20,
                        },
                        {
                          "marginBottom": 10,
                          "marginTop": 10,
                        },
                      ],
                    ]
                  }
                >
                  this is a test section 2
                </Text>
                <View
                  style={
                    [
                      {
                        "width": "100%",
                      },
                    ]
                  }
                >
                  <View
                    accessible={true}
                    collapsable={false}
                    focusable={true}
                    onClick={[Function]}
                    onResponderGrant={[Function]}
                    onResponderMove={[Function]}
                    onResponderRelease={[Function]}
                    onResponderTerminate={[Function]}
                    onResponderTerminationRequest={[Function]}
                    onStartShouldSetResponder={[Function]}
                    style={
                      {
                        "alignItems": "center",
                        "height": 300,
                        "justifyContent": "center",
                        "opacity": 1,
                        "position": "relative",
                        "width": "100%",
                      }
                    }
                  >
                    <Image
                      source={1}
                      style={
                        [
                          {
                            "width": "100%",
                          },
                          {
                            "height": 300,
                          },
                        ]
                      }
                    />
                    <View
                      style={
                        [
                          {
                            "position": "absolute",
                          },
                          {
                            "zIndex": 1,
                          },
                        ]
                      }
                    >
                      <Text
                        allowFontScaling={false}
                        selectable={false}
                        style={
                          [
                            {
                              "color": "lightblue",
                              "fontSize": 100,
                            },
                            undefined,
                            {
                              "fontFamily": "material-community",
                              "fontStyle": "normal",
                              "fontWeight": "normal",
                            },
                            {},
                          ]
                        }
                      >
                        󰐍
                      </Text>
                    </View>
                  </View>
                </View>
              </View>
            </View>
          </View>
        </View>
      </View>
    </RCTScrollView>
    <View
      style={
        [
          {
            "paddingBottom": 16,
            "paddingTop": 16,
          },
          {
            "alignSelf": "center",
          },
          {
            "justifyContent": "flex-end",
          },
        ]
      }
    >
      <View
        collapsable={false}
        style={
          {
            "backgroundColor": "#FF4949",
            "borderColor": "transparent",
            "borderRadius": 4,
            "borderStyle": "solid",
            "borderWidth": 0,
            "elevation": 2,
            "minWidth": 64,
            "shadowColor": "#000000",
            "shadowOffset": {
              "height": 0.75,
              "width": 0,
            },
            "shadowOpacity": 0.24,
            "shadowRadius": 1.5,
          }
        }
      >
        <View
          accessibilityRole="button"
          accessibilityState={
            {
              "disabled": false,
            }
          }
          accessible={true}
          focusable={true}
          onClick={[Function]}
          onResponderGrant={[Function]}
          onResponderMove={[Function]}
          onResponderRelease={[Function]}
          onResponderTerminate={[Function]}
          onResponderTerminationRequest={[Function]}
          onStartShouldSetResponder={[Function]}
          style={
            [
              {
                "overflow": "hidden",
              },
              {
                "borderRadius": 4,
              },
            ]
          }
          testID="subscriptionCancelButton"
        >
          <View
            style={
              [
                {
                  "alignItems": "center",
                  "flexDirection": "row",
                  "justifyContent": "center",
                },
                undefined,
              ]
            }
          >
            <Text
              numberOfLines={1}
              selectable={false}
              style={
                [
                  {
                    "color": "#000000",
                    "fontFamily": "System",
                    "fontWeight": "400",
                  },
                  {
                    "textAlign": "left",
                  },
                  [
                    {
                      "letterSpacing": 1,
                      "marginHorizontal": 16,
                      "marginVertical": 9,
                      "textAlign": "center",
                    },
                    undefined,
                    {
                      "textTransform": "uppercase",
                    },
                    {
                      "color": "#ffffff",
                      "fontFamily": "System",
                      "fontWeight": "500",
                    },
                    {
                      "fontFamily": "System",
                      "fontWeight": "500",
                    },
                    undefined,
                  ],
                ]
              }
            >
              Cancelar inscrição
            </Text>
          </View>
        </View>
      </View>
    </View>
  </View>,
]
`;
