// Jest Snapshot v1, https://goo.gl/fbAQLP

exports[`SectionScreen Renders section screen with sections loaded 1`] = `
<View
  style={
    [
      {
        "flexBasis": "0%",
        "flexGrow": 1,
        "flexShrink": 1,
      },
      {
        "backgroundColor": "#f1f9fb",
      },
    ]
  }
>
  <View
    style={
      [
        {
          "display": "flex",
        },
        {
          "flexDirection": "row",
        },
        {
          "alignItems": "center",
        },
        {
          "paddingLeft": 24,
          "paddingRight": 24,
        },
        {
          "paddingTop": "20%",
        },
      ]
    }
  >
    <View
      accessible={true}
      collapsable={false}
      focusable={true}
      onClick={[Function]}
      onResponderGrant={[Function]}
      onResponderMove={[Function]}
      onResponderRelease={[Function]}
      onResponderTerminate={[Function]}
      onResponderTerminationRequest={[Function]}
      onStartShouldSetResponder={[Function]}
      style={
        {
          "opacity": 1,
          "paddingRight": 12,
        }
      }
    >
      <Text
        allowFontScaling={false}
        selectable={false}
        style={
          [
            {
              "color": "black",
              "fontSize": 25,
            },
            undefined,
            {
              "fontFamily": "material-community",
              "fontStyle": "normal",
              "fontWeight": "normal",
            },
            {},
          ]
        }
      >
        󰅁
      </Text>
    </View>
    <Text
      style={
        [
          {
            "fontFamily": "Montserrat-Regular",
          },
          [
            {
              "fontSize": 25,
            },
            {
              "fontWeight": "700",
            },
          ],
        ]
      }
    />
    <View
      style={
        {
          "flex": 1,
        }
      }
    />
    <View
      style={
        [
          {
            "flexDirection": "column",
          },
          {
            "alignItems": "flex-end",
          },
        ]
      }
    >
      <View
        accessible={true}
        collapsable={false}
        focusable={true}
        onClick={[Function]}
        onResponderGrant={[Function]}
        onResponderMove={[Function]}
        onResponderRelease={[Function]}
        onResponderTerminate={[Function]}
        onResponderTerminationRequest={[Function]}
        onStartShouldSetResponder={[Function]}
        style={
          {
            "borderBottomLeftRadius": 8,
            "borderBottomRightRadius": 8,
            "borderTopLeftRadius": 8,
            "borderTopRightRadius": 8,
            "opacity": 1,
            "paddingBottom": 16,
            "paddingLeft": 20,
            "paddingRight": 20,
            "paddingTop": 16,
          }
        }
        testID="subscriptionCancelButton"
      >
        <Text
          style={
            [
              {
                "textAlign": "center",
              },
              {
                "fontFamily": "Montserrat-Bold",
              },
              {
                "fontSize": 16,
              },
              {
                "color": "#FFFFFF",
              },
            ]
          }
        >
          <Text
            allowFontScaling={false}
            selectable={false}
            style={
              [
                {
                  "color": "black",
                  "fontSize": 25,
                },
                undefined,
                {
                  "fontFamily": "material-community",
                  "fontStyle": "normal",
                  "fontWeight": "normal",
                },
                {},
              ]
            }
          >
            󰃀
          </Text>
        </Text>
      </View>
    </View>
  </View>
  <View
    style={
      [
        {
          "flexBasis": 0,
          "flexGrow": 1,
          "flexShrink": 1,
        },
        {
          "flexDirection": "column",
        },
        {
          "marginBottom": 10,
          "marginTop": 10,
        },
      ]
    }
  >
    <View
      style={
        [
          {
            "flexDirection": "row",
          },
          {
            "alignItems": "center",
          },
          {
            "justifyContent": "space-around",
          },
        ]
      }
    >
      <View
        animated={true}
        animationConfig={
          {
            "bounciness": 0,
          }
        }
        animationType="spring"
        indeterminate={false}
        indeterminateAnimationDuration={1000}
        onLayout={[Function]}
        progress={0.5}
        style={
          [
            {
              "backgroundColor": "rgba(228, 242, 245, 1)",
              "borderColor": "rgba(94, 204, 233, 1)",
              "borderRadius": 8,
              "borderWidth": 0,
              "overflow": "hidden",
              "width": 450,
            },
            undefined,
          ]
        }
        useNativeDriver={false}
      >
        <View
          collapsable={false}
          style={
            {
              "backgroundColor": "rgba(94, 204, 233, 1)",
              "height": 40.019999999999996,
              "transform": [
                {
                  "translateX": 0,
                },
                {
                  "translateX": -112.5,
                },
                {
                  "scaleX": 0.50005,
                },
              ],
            }
          }
        />
      </View>
      <Text
        style={
          [
            {
              "paddingLeft": 20,
              "paddingRight": 20,
            },
            {
              "textAlign": "center",
            },
            {
              "fontFamily": "Montserrat-Bold",
            },
            {
              "fontSize": 12,
            },
            {
              "color": "#383838",
            },
          ]
        }
      >
        50
        %
      </Text>
    </View>
    <RCTScrollView
      collapsable={false}
      handlerTag={1}
      handlerType="NativeViewGestureHandler"
      onGestureHandlerEvent={[Function]}
      onGestureHandlerStateChange={[Function]}
      showsVerticalScrollIndicator={false}
      style={
        [
          {
            "marginTop": "5%",
          },
        ]
      }
    >
      <View>
        <View
          style={
            [
              {
                "marginBottom": "2.2%",
                "marginLeft": "2.2%",
                "marginRight": "2.2%",
                "marginTop": "2.2%",
              },
              {
                "borderBottomLeftRadius": 10,
                "borderBottomRightRadius": 10,
                "borderTopLeftRadius": 10,
                "borderTopRightRadius": 10,
              },
            ]
          }
        >
          <View
            accessible={true}
            collapsable={false}
            focusable={true}
            onBlur={[Function]}
            onClick={[Function]}
            onFocus={[Function]}
            onResponderGrant={[Function]}
            onResponderMove={[Function]}
            onResponderRelease={[Function]}
            onResponderTerminate={[Function]}
            onResponderTerminationRequest={[Function]}
            onStartShouldSetResponder={[Function]}
            style={
              [
                {
                  "backgroundColor": "#fff",
                },
                {
                  "borderBottomLeftRadius": 10,
                  "borderBottomRightRadius": 10,
                  "borderTopLeftRadius": 10,
                  "borderTopRightRadius": 10,
                },
                {
                  "marginBottom": 15,
                },
                {
                  "marginLeft": 18,
                  "marginRight": 18,
                },
                {
                  "overflow": "hidden",
                },
                {
                  "elevation": 8,
                },
              ]
            }
            testID="collapsible"
          >
            <View
              style={
                [
                  {
                    "flexDirection": "row",
                  },
                  {
                    "alignItems": "center",
                  },
                  {
                    "justifyContent": "space-between",
                  },
                  {
                    "paddingLeft": 25,
                    "paddingRight": 25,
                  },
                  {
                    "paddingBottom": 15,
                    "paddingTop": 15,
                  },
                ]
              }
            >
              <Text
                style={
                  [
                    {
                      "fontFamily": "Montserrat-Regular",
                    },
                    [
                      {
                        "fontSize": 16,
                      },
                      {
                        "fontWeight": "700",
                      },
                      {
                        "flexBasis": 0,
                        "flexGrow": 1,
                        "flexShrink": 1,
                      },
                    ],
                  ]
                }
              >
                Section 1
              </Text>
              <Text
                style={
                  [
                    {
                      "fontFamily": "Montserrat-Regular",
                    },
                    [
                      {
                        "marginRight": 10,
                      },
                    ],
                  ]
                }
              >
                0
                /
                10
                 concluídos
              </Text>
              <Text
                allowFontScaling={false}
                selectable={false}
                style={
                  [
                    {
                      "color": "gray",
                      "fontSize": 25,
                    },
                    undefined,
                    {
                      "fontFamily": "material-community",
                      "fontStyle": "normal",
                      "fontWeight": "normal",
                    },
                    {},
                  ]
                }
                testID="chevron-down"
              >
                󰅀
              </Text>
            </View>
            <View
              collapsable={false}
              pointerEvents="none"
              style={
                {
                  "height": 0,
                  "overflow": "hidden",
                }
              }
            >
              <View
                collapsable={false}
                forwardedRef={[Function]}
                onLayout={[Function]}
                style={{}}
              >
                <View
                  style={
                    [
                      {
                        "height": 1,
                      },
                      {
                        "backgroundColor": "#e0e0e0",
                      },
                    ]
                  }
                />
                <Text
                  style={
                    [
                      {
                        "fontFamily": "Montserrat-Regular",
                      },
                      [
                        {
                          "marginLeft": 20,
                          "marginRight": 20,
                        },
                        {
                          "marginBottom": 10,
                          "marginTop": 10,
                        },
                      ],
                    ]
                  }
                >
                  Description for section 1
                </Text>
                <View
                  style={
                    [
                      {
                        "width": "100%",
                      },
                    ]
                  }
                >
                  <View
                    accessible={true}
                    collapsable={false}
                    focusable={true}
                    onClick={[Function]}
                    onResponderGrant={[Function]}
                    onResponderMove={[Function]}
                    onResponderRelease={[Function]}
                    onResponderTerminate={[Function]}
                    onResponderTerminationRequest={[Function]}
                    onStartShouldSetResponder={[Function]}
                    style={
                      {
                        "alignItems": "center",
                        "height": 300,
                        "justifyContent": "center",
                        "opacity": 1,
                        "position": "relative",
                        "width": "100%",
                      }
                    }
                  >
                    <Image
                      source={1}
                      style={
                        [
                          {
                            "width": "100%",
                          },
                          {
                            "height": 300,
                          },
                        ]
                      }
                    />
                    <View
                      style={
                        [
                          {
                            "position": "absolute",
                          },
                          {
                            "zIndex": 1,
                          },
                        ]
                      }
                    >
                      <Text
                        allowFontScaling={false}
                        selectable={false}
                        style={
                          [
                            {
                              "color": "lightblue",
                              "fontSize": 100,
                            },
                            undefined,
                            {
                              "fontFamily": "material-community",
                              "fontStyle": "normal",
                              "fontWeight": "normal",
                            },
                            {},
                          ]
                        }
                      >
                        󰐍
                      </Text>
                    </View>
                  </View>
                </View>
              </View>
            </View>
          </View>
        </View>
        <View
          style={
            [
              {
                "marginBottom": "2.2%",
                "marginLeft": "2.2%",
                "marginRight": "2.2%",
                "marginTop": "2.2%",
              },
              {
                "borderBottomLeftRadius": 10,
                "borderBottomRightRadius": 10,
                "borderTopLeftRadius": 10,
                "borderTopRightRadius": 10,
              },
            ]
          }
        >
          <View
            accessible={true}
            collapsable={false}
            focusable={true}
            onBlur={[Function]}
            onClick={[Function]}
            onFocus={[Function]}
            onResponderGrant={[Function]}
            onResponderMove={[Function]}
            onResponderRelease={[Function]}
            onResponderTerminate={[Function]}
            onResponderTerminationRequest={[Function]}
            onStartShouldSetResponder={[Function]}
            style={
              [
                {
                  "backgroundColor": "#fff",
                },
                {
                  "borderBottomLeftRadius": 10,
                  "borderBottomRightRadius": 10,
                  "borderTopLeftRadius": 10,
                  "borderTopRightRadius": 10,
                },
                {
                  "marginBottom": 15,
                },
                {
                  "marginLeft": 18,
                  "marginRight": 18,
                },
                {
                  "overflow": "hidden",
                },
                {
                  "elevation": 8,
                },
              ]
            }
            testID="collapsible"
          >
            <View
              style={
                [
                  {
                    "flexDirection": "row",
                  },
                  {
                    "alignItems": "center",
                  },
                  {
                    "justifyContent": "space-between",
                  },
                  {
                    "paddingLeft": 25,
                    "paddingRight": 25,
                  },
                  {
                    "paddingBottom": 15,
                    "paddingTop": 15,
                  },
                ]
              }
            >
              <Text
                style={
                  [
                    {
                      "fontFamily": "Montserrat-Regular",
                    },
                    [
                      {
                        "fontSize": 16,
                      },
                      {
                        "fontWeight": "700",
                      },
                      {
                        "flexBasis": 0,
                        "flexGrow": 1,
                        "flexShrink": 1,
                      },
                    ],
                  ]
                }
              >
                Section 2
              </Text>
              <Text
                style={
                  [
                    {
                      "fontFamily": "Montserrat-Regular",
                    },
                    [
                      {
                        "marginRight": 10,
                      },
                    ],
                  ]
                }
              >
                0
                /
                10
                 concluídos
              </Text>
              <Text
                allowFontScaling={false}
                selectable={false}
                style={
                  [
                    {
                      "color": "gray",
                      "fontSize": 25,
                    },
                    undefined,
                    {
                      "fontFamily": "material-community",
                      "fontStyle": "normal",
                      "fontWeight": "normal",
                    },
                    {},
                  ]
                }
                testID="chevron-down"
              >
                󰅀
              </Text>
            </View>
            <View
              collapsable={false}
              pointerEvents="none"
              style={
                {
                  "height": 0,
                  "overflow": "hidden",
                }
              }
            >
              <View
                collapsable={false}
                forwardedRef={[Function]}
                onLayout={[Function]}
                style={{}}
              >
                <View
                  style={
                    [
                      {
                        "height": 1,
                      },
                      {
                        "backgroundColor": "#e0e0e0",
                      },
                    ]
                  }
                />
                <Text
                  style={
                    [
                      {
                        "fontFamily": "Montserrat-Regular",
                      },
                      [
                        {
                          "marginLeft": 20,
                          "marginRight": 20,
                        },
                        {
                          "marginBottom": 10,
                          "marginTop": 10,
                        },
                      ],
                    ]
                  }
                >
                  Description for section 2
                </Text>
                <View
                  style={
                    [
                      {
                        "width": "100%",
                      },
                    ]
                  }
                >
                  <View
                    accessible={true}
                    collapsable={false}
                    focusable={true}
                    onClick={[Function]}
                    onResponderGrant={[Function]}
                    onResponderMove={[Function]}
                    onResponderRelease={[Function]}
                    onResponderTerminate={[Function]}
                    onResponderTerminationRequest={[Function]}
                    onStartShouldSetResponder={[Function]}
                    style={
                      {
                        "alignItems": "center",
                        "height": 300,
                        "justifyContent": "center",
                        "opacity": 1,
                        "position": "relative",
                        "width": "100%",
                      }
                    }
                  >
                    <Image
                      source={1}
                      style={
                        [
                          {
                            "width": "100%",
                          },
                          {
                            "height": 300,
                          },
                        ]
                      }
                    />
                    <View
                      style={
                        [
                          {
                            "position": "absolute",
                          },
                          {
                            "zIndex": 1,
                          },
                        ]
                      }
                    >
                      <Text
                        allowFontScaling={false}
                        selectable={false}
                        style={
                          [
                            {
                              "color": "lightblue",
                              "fontSize": 100,
                            },
                            undefined,
                            {
                              "fontFamily": "material-community",
                              "fontStyle": "normal",
                              "fontWeight": "normal",
                            },
                            {},
                          ]
                        }
                      >
                        󰐍
                      </Text>
                    </View>
                  </View>
                </View>
              </View>
            </View>
          </View>
        </View>
      </View>
    </RCTScrollView>
  </View>
</View>
`;
