// Jest Snapshot v1, https://goo.gl/fbAQLP

exports[`CourseScreen renders CourseScreen correctly when theres no courses 1`] = `
<View
  style={
    [
      {
        "flexBasis": "0%",
        "flexGrow": 1,
        "flexShrink": 1,
      },
      {
        "backgroundColor": "#F1F9FB",
      },
    ]
  }
>
  <View
    style={
      [
        {
          "justifyContent": "center",
        },
        {
          "alignItems": "center",
        },
        {
          "backgroundColor": "#F1F9FB",
        },
      ]
    }
  >
    <View
      style={
        [
          {
            "paddingTop": 96,
          },
          {
            "paddingBottom": 64,
          },
        ]
      }
    >
      <Image
        source={1}
        style={
          [
            {
              "justifyContent": "center",
            },
            {
              "alignItems": "center",
            },
            {
              "width": 175.88,
            },
            {
              "height": 25.54,
            },
          ]
        }
      />
    </View>
    <View
      style={
        [
          {
            "justifyContent": "center",
          },
          {
            "alignItems": "center",
          },
          {
            "paddingBottom": 96,
          },
          {
            "paddingTop": 96,
          },
          {
            "marginLeft": -40,
            "marginTop": -40,
          },
        ]
      }
    >
      <View
        style={
          [
            {
              "justifyContent": "center",
            },
            {
              "alignItems": "center",
            },
            {
              "width": 342,
            },
            {
              "height": 308.02,
            },
            [
              {
                "marginLeft": 40,
                "marginTop": 40,
              },
            ],
          ]
        }
      >
        <Image
          source={1}
        />
        <Text
          style={
            [
              {
                "fontFamily": "Montserrat-Regular",
              },
              [
                {
                  "color": "#383838",
                },
                {
                  "paddingBottom": 16,
                },
                {
                  "paddingTop": 16,
                },
                {
                  "fontFamily": "Montserrat-Bold",
                },
                {
                  "fontSize": 24,
                },
                {
                  "textAlign": "center",
                },
              ],
            ]
          }
        >
          Comece agora
        </Text>
        <Text
          style={
            [
              {
                "fontFamily": "Montserrat-Regular",
              },
              [
                {
                  "color": "#383838",
                },
                {
                  "fontFamily": "Montserrat-Regular",
                },
                {
                  "textAlign": "center",
                },
                {
                  "fontSize": 16,
                },
              ],
            ]
          }
        >
           Você ainda não se increveu em nenhum curso. Acesse a página Explore e use a busca para encontrar cursos do seu intresse.
        </Text>
      </View>
      <View
        style={
          [
            {
              "marginLeft": 40,
              "marginTop": 40,
            },
          ]
        }
      >
        <View
          accessible={true}
          collapsable={false}
          focusable={true}
          onBlur={[Function]}
          onClick={[Function]}
          onFocus={[Function]}
          onResponderGrant={[Function]}
          onResponderMove={[Function]}
          onResponderRelease={[Function]}
          onResponderTerminate={[Function]}
          onResponderTerminationRequest={[Function]}
          onStartShouldSetResponder={[Function]}
          style={
            [
              {
                "borderBottomLeftRadius": 6,
                "borderBottomRightRadius": 6,
                "borderTopLeftRadius": 6,
                "borderTopRightRadius": 6,
              },
              {
                "backgroundColor": "#5ECCE9",
              },
              {
                "justifyContent": "center",
              },
              {
                "alignItems": "center",
              },
              {
                "paddingBottom": 8,
                "paddingLeft": 8,
                "paddingRight": 8,
                "paddingTop": 8,
              },
              {
                "height": 52,
              },
              {
                "width": 342,
              },
            ]
          }
          testID="exploreButton"
        >
          <Text
            style={
              [
                {
                  "fontFamily": "Montserrat-Regular",
                },
                [
                  {
                    "color": "#FFFFFF",
                  },
                  {
                    "fontFamily": "Montserrat-Bold",
                  },
                  {
                    "textAlign": "center",
                  },
                  {
                    "fontSize": 16,
                  },
                ],
              ]
            }
          >
             Explore courses
          </Text>
        </View>
      </View>
    </View>
  </View>
</View>
`;

exports[`CourseScreen renders CourseScreen with courses loaded 1`] = `
<View
  style={
    [
      {
        "flexBasis": "0%",
        "flexGrow": 1,
        "flexShrink": 1,
      },
      {
        "backgroundColor": "#F1F9FB",
      },
    ]
  }
>
  <View
    height="100%"
  >
    <View
      style={
        [
          {
            "display": "flex",
          },
          {
            "flexDirection": "row",
          },
          {
            "alignItems": "center",
          },
          {
            "paddingLeft": 24,
          },
          {
            "paddingTop": "20%",
          },
          {
            "paddingBottom": "10%",
          },
        ]
      }
    >
      <Image
        alt="Icon"
        source={1}
        style={
          [
            {
              "width": 32,
            },
            {
              "height": 32,
            },
            {
              "marginRight": 8,
            },
          ]
        }
      />
      <Text
        style={
          [
            {
              "fontFamily": "Montserrat-Regular",
            },
            [
              {
                "fontSize": 20,
                "lineHeight": 28,
              },
              {
                "fontWeight": "700",
              },
            ],
          ]
        }
      >
        Bem Vindo!
      </Text>
    </View>
    <RCTScrollView
      showsVerticalScrollIndicator={false}
    >
      <View>
        <View
          accessible={true}
          collapsable={false}
          focusable={true}
          onBlur={[Function]}
          onClick={[Function]}
          onFocus={[Function]}
          onResponderGrant={[Function]}
          onResponderMove={[Function]}
          onResponderRelease={[Function]}
          onResponderTerminate={[Function]}
          onResponderTerminationRequest={[Function]}
          onStartShouldSetResponder={[Function]}
          style={
            [
              {
                "backgroundColor": "#fff",
              },
              {
                "marginBottom": "3%",
                "marginLeft": "3%",
                "marginRight": "3%",
                "marginTop": "3%",
              },
              {
                "borderBottomLeftRadius": 10,
                "borderBottomRightRadius": 10,
                "borderTopLeftRadius": 10,
                "borderTopRightRadius": 10,
              },
              {
                "elevation": 8,
              },
              {
                "paddingBottom": "5%",
                "paddingLeft": "5%",
                "paddingRight": "5%",
                "paddingTop": "5%",
              },
            ]
          }
          testID="courseCard"
        >
          <View>
            <View
              style={
                [
                  {
                    "flexDirection": "row",
                  },
                  {
                    "alignItems": "flex-start",
                  },
                  {
                    "justifyContent": "space-between",
                  },
                  {
                    "paddingLeft": "1%",
                    "paddingRight": "1%",
                  },
                  {
                    "paddingBottom": "1%",
                    "paddingTop": "1%",
                  },
                ]
              }
            >
              <Text
                allowFontScaling={false}
                selectable={false}
                style={
                  [
                    {
                      "color": undefined,
                      "fontSize": 28,
                    },
                    undefined,
                    {
                      "fontFamily": "material-community",
                      "fontStyle": "normal",
                      "fontWeight": "normal",
                    },
                    {},
                  ]
                }
              >
                󰑴
                 
              </Text>
              <Text
                style={
                  [
                    {
                      "fontFamily": "Montserrat-Regular",
                    },
                    [
                      {
                        "fontSize": 18,
                      },
                      {
                        "flexBasis": "0%",
                        "flexGrow": 1,
                        "flexShrink": 1,
                      },
                      {
                        "alignSelf": "center",
                      },
                    ],
                  ]
                }
              >
                Course 1
              </Text>
            </View>
            <View
              style={
                [
                  {
                    "height": 1,
                  },
                  {
                    "backgroundColor": "#e0e0e0",
                  },
                  {
                    "marginBottom": "2%",
                    "marginLeft": "2%",
                    "marginRight": "2%",
                    "marginTop": "2%",
                  },
                ]
              }
            />
            <View
              style={
                [
                  {
                    "flexDirection": "row",
                  },
                  {
                    "alignItems": "center",
                  },
                  {
                    "justifyContent": "flex-start",
                  },
                  {
                    "overflow": "hidden",
                  },
                ]
              }
            >
              <Text
                allowFontScaling={false}
                selectable={false}
                style={
                  [
                    {
                      "color": "gray",
                      "fontSize": 18,
                    },
                    undefined,
                    {
                      "fontFamily": "material-community",
                      "fontStyle": "normal",
                      "fontWeight": "normal",
                    },
                    {},
                  ]
                }
              >
                󰑴
              </Text>
              <Text
                style={
                  [
                    {
                      "fontFamily": "Montserrat-Regular",
                    },
                    [
                      {
                        "marginLeft": "2.5%",
                        "marginRight": "2.5%",
                      },
                      {
                        "marginBottom": "3%",
                        "marginTop": "3%",
                      },
                    ],
                  ]
                }
              >
                Category 1
              </Text>
              <Text
                allowFontScaling={false}
                selectable={false}
                style={
                  [
                    {
                      "color": "gray",
                      "fontSize": 18,
                    },
                    undefined,
                    {
                      "fontFamily": "material-community",
                      "fontStyle": "normal",
                      "fontWeight": "normal",
                    },
                    {},
                  ]
                }
              >
                󰥔
              </Text>
              <Text
                style={
                  [
                    {
                      "fontFamily": "Montserrat-Regular",
                    },
                    [
                      {
                        "marginLeft": "2.5%",
                        "marginRight": "2.5%",
                      },
                      {
                        "marginBottom": "3%",
                        "marginTop": "3%",
                      },
                    ],
                  ]
                }
              >
                duration
              </Text>
            </View>
            <View
              style={
                [
                  {
                    "flexDirection": "row",
                  },
                  {
                    "alignItems": "center",
                  },
                ]
              }
            >
              <View
                style={
                  [
                    {
                      "flexDirection": "row",
                    },
                    {
                      "alignItems": "center",
                    },
                    {
                      "justifyContent": "space-around",
                    },
                  ]
                }
              >
                <View
                  animated={true}
                  animationConfig={
                    {
                      "bounciness": 0,
                    }
                  }
                  animationType="spring"
                  indeterminate={false}
                  indeterminateAnimationDuration={1000}
                  onLayout={[Function]}
                  progress={0.5}
                  style={
                    [
                      {
                        "backgroundColor": "rgba(228, 242, 245, 1)",
                        "borderColor": "rgba(94, 204, 233, 1)",
                        "borderRadius": 8,
                        "borderWidth": 0,
                        "overflow": "hidden",
                        "width": 450,
                      },
                      undefined,
                    ]
                  }
                  useNativeDriver={false}
                >
                  <View
                    collapsable={false}
                    style={
                      {
                        "backgroundColor": "rgba(94, 204, 233, 1)",
                        "height": 13.34,
                        "transform": [
                          {
                            "translateX": 0,
                          },
                          {
                            "translateX": -112.5,
                          },
                          {
                            "scaleX": 0.50005,
                          },
                        ],
                      }
                    }
                  />
                </View>
                <Text
                  style={
                    [
                      {
                        "paddingLeft": 20,
                        "paddingRight": 20,
                      },
                      {
                        "textAlign": "center",
                      },
                      {
                        "fontFamily": "Montserrat-Bold",
                      },
                      {
                        "fontSize": 12,
                      },
                      {
                        "color": "#383838",
                      },
                    ]
                  }
                >
                  50
                  %
                </Text>
              </View>
              <View
                accessible={true}
                collapsable={false}
                focusable={true}
                onBlur={[Function]}
                onClick={[Function]}
                onFocus={[Function]}
                onResponderGrant={[Function]}
                onResponderMove={[Function]}
                onResponderRelease={[Function]}
                onResponderTerminate={[Function]}
                onResponderTerminationRequest={[Function]}
                onStartShouldSetResponder={[Function]}
                style={
                  [
                    {
                      "zIndex": 1,
                    },
                  ]
                }
              >
                <Text
                  allowFontScaling={false}
                  selectable={false}
                  style={
                    [
                      {
                        "color": "#5ECCE9",
                        "fontSize": 28,
                      },
                      undefined,
                      {
                        "fontFamily": "material-community",
                        "fontStyle": "normal",
                        "fontWeight": "normal",
                      },
                      {},
                    ]
                  }
                >
                  󰐌
                </Text>
              </View>
            </View>
          </View>
        </View>
        <View
          accessible={true}
          collapsable={false}
          focusable={true}
          onBlur={[Function]}
          onClick={[Function]}
          onFocus={[Function]}
          onResponderGrant={[Function]}
          onResponderMove={[Function]}
          onResponderRelease={[Function]}
          onResponderTerminate={[Function]}
          onResponderTerminationRequest={[Function]}
          onStartShouldSetResponder={[Function]}
          style={
            [
              {
                "backgroundColor": "#fff",
              },
              {
                "marginBottom": "3%",
                "marginLeft": "3%",
                "marginRight": "3%",
                "marginTop": "3%",
              },
              {
                "borderBottomLeftRadius": 10,
                "borderBottomRightRadius": 10,
                "borderTopLeftRadius": 10,
                "borderTopRightRadius": 10,
              },
              {
                "elevation": 8,
              },
              {
                "paddingBottom": "5%",
                "paddingLeft": "5%",
                "paddingRight": "5%",
                "paddingTop": "5%",
              },
            ]
          }
          testID="courseCard"
        >
          <View>
            <View
              style={
                [
                  {
                    "flexDirection": "row",
                  },
                  {
                    "alignItems": "flex-start",
                  },
                  {
                    "justifyContent": "space-between",
                  },
                  {
                    "paddingLeft": "1%",
                    "paddingRight": "1%",
                  },
                  {
                    "paddingBottom": "1%",
                    "paddingTop": "1%",
                  },
                ]
              }
            >
              <Text
                allowFontScaling={false}
                selectable={false}
                style={
                  [
                    {
                      "color": undefined,
                      "fontSize": 28,
                    },
                    undefined,
                    {
                      "fontFamily": "material-community",
                      "fontStyle": "normal",
                      "fontWeight": "normal",
                    },
                    {},
                  ]
                }
              >
                󰑴
                 
              </Text>
              <Text
                style={
                  [
                    {
                      "fontFamily": "Montserrat-Regular",
                    },
                    [
                      {
                        "fontSize": 18,
                      },
                      {
                        "flexBasis": "0%",
                        "flexGrow": 1,
                        "flexShrink": 1,
                      },
                      {
                        "alignSelf": "center",
                      },
                    ],
                  ]
                }
              >
                Course 2
              </Text>
            </View>
            <View
              style={
                [
                  {
                    "height": 1,
                  },
                  {
                    "backgroundColor": "#e0e0e0",
                  },
                  {
                    "marginBottom": "2%",
                    "marginLeft": "2%",
                    "marginRight": "2%",
                    "marginTop": "2%",
                  },
                ]
              }
            />
            <View
              style={
                [
                  {
                    "flexDirection": "row",
                  },
                  {
                    "alignItems": "center",
                  },
                  {
                    "justifyContent": "flex-start",
                  },
                  {
                    "overflow": "hidden",
                  },
                ]
              }
            >
              <Text
                allowFontScaling={false}
                selectable={false}
                style={
                  [
                    {
                      "color": "gray",
                      "fontSize": 18,
                    },
                    undefined,
                    {
                      "fontFamily": "material-community",
                      "fontStyle": "normal",
                      "fontWeight": "normal",
                    },
                    {},
                  ]
                }
              >
                󰑴
              </Text>
              <Text
                style={
                  [
                    {
                      "fontFamily": "Montserrat-Regular",
                    },
                    [
                      {
                        "marginLeft": "2.5%",
                        "marginRight": "2.5%",
                      },
                      {
                        "marginBottom": "3%",
                        "marginTop": "3%",
                      },
                    ],
                  ]
                }
              >
                Category 2
              </Text>
              <Text
                allowFontScaling={false}
                selectable={false}
                style={
                  [
                    {
                      "color": "gray",
                      "fontSize": 18,
                    },
                    undefined,
                    {
                      "fontFamily": "material-community",
                      "fontStyle": "normal",
                      "fontWeight": "normal",
                    },
                    {},
                  ]
                }
              >
                󰥔
              </Text>
              <Text
                style={
                  [
                    {
                      "fontFamily": "Montserrat-Regular",
                    },
                    [
                      {
                        "marginLeft": "2.5%",
                        "marginRight": "2.5%",
                      },
                      {
                        "marginBottom": "3%",
                        "marginTop": "3%",
                      },
                    ],
                  ]
                }
              >
                duration
              </Text>
            </View>
            <View
              style={
                [
                  {
                    "flexDirection": "row",
                  },
                  {
                    "alignItems": "center",
                  },
                ]
              }
            >
              <View
                style={
                  [
                    {
                      "flexDirection": "row",
                    },
                    {
                      "alignItems": "center",
                    },
                    {
                      "justifyContent": "space-around",
                    },
                  ]
                }
              >
                <View
                  animated={true}
                  animationConfig={
                    {
                      "bounciness": 0,
                    }
                  }
                  animationType="spring"
                  indeterminate={false}
                  indeterminateAnimationDuration={1000}
                  onLayout={[Function]}
                  progress={0.5}
                  style={
                    [
                      {
                        "backgroundColor": "rgba(228, 242, 245, 1)",
                        "borderColor": "rgba(94, 204, 233, 1)",
                        "borderRadius": 8,
                        "borderWidth": 0,
                        "overflow": "hidden",
                        "width": 450,
                      },
                      undefined,
                    ]
                  }
                  useNativeDriver={false}
                >
                  <View
                    collapsable={false}
                    style={
                      {
                        "backgroundColor": "rgba(94, 204, 233, 1)",
                        "height": 13.34,
                        "transform": [
                          {
                            "translateX": 0,
                          },
                          {
                            "translateX": -112.5,
                          },
                          {
                            "scaleX": 0.50005,
                          },
                        ],
                      }
                    }
                  />
                </View>
                <Text
                  style={
                    [
                      {
                        "paddingLeft": 20,
                        "paddingRight": 20,
                      },
                      {
                        "textAlign": "center",
                      },
                      {
                        "fontFamily": "Montserrat-Bold",
                      },
                      {
                        "fontSize": 12,
                      },
                      {
                        "color": "#383838",
                      },
                    ]
                  }
                >
                  50
                  %
                </Text>
              </View>
              <View
                accessible={true}
                collapsable={false}
                focusable={true}
                onBlur={[Function]}
                onClick={[Function]}
                onFocus={[Function]}
                onResponderGrant={[Function]}
                onResponderMove={[Function]}
                onResponderRelease={[Function]}
                onResponderTerminate={[Function]}
                onResponderTerminationRequest={[Function]}
                onStartShouldSetResponder={[Function]}
                style={
                  [
                    {
                      "zIndex": 1,
                    },
                  ]
                }
              >
                <Text
                  allowFontScaling={false}
                  selectable={false}
                  style={
                    [
                      {
                        "color": "#5ECCE9",
                        "fontSize": 28,
                      },
                      undefined,
                      {
                        "fontFamily": "material-community",
                        "fontStyle": "normal",
                        "fontWeight": "normal",
                      },
                      {},
                    ]
                  }
                >
                  󰐌
                </Text>
              </View>
            </View>
          </View>
        </View>
      </View>
    </RCTScrollView>
  </View>
</View>
`;
