// Jest Snapshot v1, https://goo.gl/fbAQLP

exports[`CourseScreen renders CourseScreen correctly when there are no courses 1`] = `
<View
  style={
    [
      {
        "flexBasis": "0%",
        "flexGrow": 1,
        "flexShrink": 1,
      },
      {
        "backgroundColor": "#F1F9FB",
      },
    ]
  }
>
  <View
    style={
      [
        {
          "justifyContent": "center",
        },
        {
          "alignItems": "center",
        },
        {
          "backgroundColor": "#F1F9FB",
        },
      ]
    }
  >
    <View
      style={
        [
          {
            "paddingTop": 96,
          },
          {
            "paddingBottom": 64,
          },
        ]
      }
    >
      <Image
        source={1}
        style={
          [
            {
              "justifyContent": "center",
            },
            {
              "alignItems": "center",
            },
            {
              "width": 175.88,
            },
            {
              "height": 25.54,
            },
          ]
        }
      />
    </View>
    <View
      style={
        [
          {
            "justifyContent": "center",
          },
          {
            "alignItems": "center",
          },
          {
            "paddingBottom": 96,
          },
          {
            "paddingTop": 96,
          },
          {
            "marginLeft": -40,
            "marginTop": -40,
          },
        ]
      }
    >
      <View
        style={
          [
            {
              "justifyContent": "center",
            },
            {
              "alignItems": "center",
            },
            {
              "width": 342,
            },
            {
              "height": 308.02,
            },
            [
              {
                "marginLeft": 40,
                "marginTop": 40,
              },
            ],
          ]
        }
      >
        <Image
          source={1}
        />
        <Text
          style={
            [
              {
                "fontFamily": "Montserrat-Regular",
              },
              [
                {
                  "color": "#383838",
                },
                {
                  "paddingBottom": 16,
                },
                {
                  "paddingTop": 16,
                },
                {
                  "fontFamily": "Montserrat-Bold",
                },
                {
                  "fontSize": 24,
                },
                {
                  "textAlign": "center",
                },
              ],
            ]
          }
        >
          Comece agora
        </Text>
        <Text
          style={
            [
              {
                "fontFamily": "Montserrat-Regular",
              },
              [
                {
                  "color": "#383838",
                },
                {
                  "fontFamily": "Montserrat-Regular",
                },
                {
                  "textAlign": "center",
                },
                {
                  "fontSize": 16,
                },
              ],
            ]
          }
        >
           Você ainda não se increveu em nenhum curso. Acesse a página Explore e use a busca para encontrar cursos do seu intresse.
        </Text>
      </View>
      <View
        style={
          [
            {
              "marginLeft": 40,
              "marginTop": 40,
            },
          ]
        }
      >
        <View
          accessible={true}
          collapsable={false}
          focusable={true}
          onBlur={[Function]}
          onClick={[Function]}
          onFocus={[Function]}
          onResponderGrant={[Function]}
          onResponderMove={[Function]}
          onResponderRelease={[Function]}
          onResponderTerminate={[Function]}
          onResponderTerminationRequest={[Function]}
          onStartShouldSetResponder={[Function]}
          style={
            [
              {
                "borderBottomLeftRadius": 6,
                "borderBottomRightRadius": 6,
                "borderTopLeftRadius": 6,
                "borderTopRightRadius": 6,
              },
              {
                "backgroundColor": "#5ECCE9",
              },
              {
                "justifyContent": "center",
              },
              {
                "alignItems": "center",
              },
              {
                "paddingBottom": 8,
                "paddingLeft": 8,
                "paddingRight": 8,
                "paddingTop": 8,
              },
              {
                "height": 52,
              },
              {
                "width": 342,
              },
            ]
          }
          testID="exploreButton"
        >
          <Text
            style={
              [
                {
                  "fontFamily": "Montserrat-Regular",
                },
                [
                  {
                    "color": "#FFFFFF",
                  },
                  {
                    "fontFamily": "Montserrat-Bold",
                  },
                  {
                    "textAlign": "center",
                  },
                  {
                    "fontSize": 16,
                  },
                ],
              ]
            }
          >
             Explore courses
          </Text>
        </View>
      </View>
    </View>
  </View>
</View>
`;

exports[`CourseScreen renders CourseScreen with courses loaded 1`] = `
<View
  style={
    [
      {
        "flexBasis": "0%",
        "flexGrow": 1,
        "flexShrink": 1,
      },
      {
        "backgroundColor": "#F1F9FB",
      },
    ]
  }
>
  <View
    style={
      [
        {
          "justifyContent": "center",
        },
        {
          "alignItems": "center",
        },
        {
          "backgroundColor": "#F1F9FB",
        },
      ]
    }
  >
    <View
      style={
        [
          {
            "paddingTop": 96,
          },
          {
            "paddingBottom": 64,
          },
        ]
      }
    >
      <Image
        source={1}
        style={
          [
            {
              "justifyContent": "center",
            },
            {
              "alignItems": "center",
            },
            {
              "width": 175.88,
            },
            {
              "height": 25.54,
            },
          ]
        }
      />
    </View>
    <View
      style={
        [
          {
            "justifyContent": "center",
          },
          {
            "alignItems": "center",
          },
          {
            "paddingBottom": 96,
          },
          {
            "paddingTop": 96,
          },
          {
            "marginLeft": -40,
            "marginTop": -40,
          },
        ]
      }
    >
      <View
        style={
          [
            {
              "justifyContent": "center",
            },
            {
              "alignItems": "center",
            },
            {
              "width": 342,
            },
            {
              "height": 308.02,
            },
            [
              {
                "marginLeft": 40,
                "marginTop": 40,
              },
            ],
          ]
        }
      >
        <Image
          source={1}
        />
        <Text
          style={
            [
              {
                "fontFamily": "Montserrat-Regular",
              },
              [
                {
                  "color": "#383838",
                },
                {
                  "paddingBottom": 16,
                },
                {
                  "paddingTop": 16,
                },
                {
                  "fontFamily": "Montserrat-Bold",
                },
                {
                  "fontSize": 24,
                },
                {
                  "textAlign": "center",
                },
              ],
            ]
          }
        >
          Comece agora
        </Text>
        <Text
          style={
            [
              {
                "fontFamily": "Montserrat-Regular",
              },
              [
                {
                  "color": "#383838",
                },
                {
                  "fontFamily": "Montserrat-Regular",
                },
                {
                  "textAlign": "center",
                },
                {
                  "fontSize": 16,
                },
              ],
            ]
          }
        >
           Você ainda não se increveu em nenhum curso. Acesse a página Explore e use a busca para encontrar cursos do seu intresse.
        </Text>
      </View>
      <View
        style={
          [
            {
              "marginLeft": 40,
              "marginTop": 40,
            },
          ]
        }
      >
        <View
          accessible={true}
          collapsable={false}
          focusable={true}
          onBlur={[Function]}
          onClick={[Function]}
          onFocus={[Function]}
          onResponderGrant={[Function]}
          onResponderMove={[Function]}
          onResponderRelease={[Function]}
          onResponderTerminate={[Function]}
          onResponderTerminationRequest={[Function]}
          onStartShouldSetResponder={[Function]}
          style={
            [
              {
                "borderBottomLeftRadius": 6,
                "borderBottomRightRadius": 6,
                "borderTopLeftRadius": 6,
                "borderTopRightRadius": 6,
              },
              {
                "backgroundColor": "#5ECCE9",
              },
              {
                "justifyContent": "center",
              },
              {
                "alignItems": "center",
              },
              {
                "paddingBottom": 8,
                "paddingLeft": 8,
                "paddingRight": 8,
                "paddingTop": 8,
              },
              {
                "height": 52,
              },
              {
                "width": 342,
              },
            ]
          }
          testID="exploreButton"
        >
          <Text
            style={
              [
                {
                  "fontFamily": "Montserrat-Regular",
                },
                [
                  {
                    "color": "#FFFFFF",
                  },
                  {
                    "fontFamily": "Montserrat-Bold",
                  },
                  {
                    "textAlign": "center",
                  },
                  {
                    "fontSize": 16,
                  },
                ],
              ]
            }
          >
             Explore courses
          </Text>
        </View>
      </View>
    </View>
  </View>
</View>
`;
