// Jest Snapshot v1, https://goo.gl/fbAQLP

exports[`ExerciseInfo renders ExerciseInfo correctly 1`] = `
<View
  style={
    [
      {
        "alignItems": "flex-start",
      },
      {
        "paddingLeft": 24,
        "paddingRight": 24,
      },
      {
        "position": "absolute",
      },
      {
        "bottom": 40,
      },
      {
        "zIndex": 10,
      },
    ]
  }
>
  <Text
    style={
      [
        {
          "fontFamily": "Montserrat-Regular",
        },
        {
          "color": "#383838",
        },
        {
          "fontSize": 16,
        },
        [
          {
            "fontFamily": "Montserrat-Regular",
          },
          {
            "fontSize": 10,
          },
          {
            "color": "#A1ACB2",
          },
        ],
      ]
    }
  >
    Course name: 
  </Text>
  <Text
    style={
      [
        {
          "fontFamily": "Montserrat-Regular",
        },
        {
          "color": "#383838",
        },
        {
          "fontSize": 16,
        },
        [
          {
            "fontFamily": "Montserrat-Bold",
          },
          {
            "fontSize": 16,
          },
          {
            "color": "#383838",
          },
        ],
      ]
    }
  />
</View>
`;
