// Jest Snapshot v1, https://goo.gl/fbAQLP

exports[`<SubscriptionCancel /> SubscriptionCancel button renders 1`] = `
<View>
  <View
    accessible={true}
    collapsable={false}
    focusable={true}
    onClick={[Function]}
    onResponderGrant={[Function]}
    onResponderMove={[Function]}
    onResponderRelease={[Function]}
    onResponderTerminate={[Function]}
    onResponderTerminationRequest={[Function]}
    onStartShouldSetResponder={[Function]}
    style={
      {
        "opacity": 1,
        "paddingBottom": 16,
        "paddingLeft": 20,
        "paddingRight": 20,
        "paddingTop": 16,
      }
    }
    testID="subscriptionCancelButton"
  >
    <Text
      allowFontScaling={false}
      selectable={false}
      style={
        [
          {
            "color": "black",
            "fontSize": 25,
          },
          undefined,
          {
            "fontFamily": "material-community",
            "fontStyle": "normal",
            "fontWeight": "normal",
          },
          {},
        ]
      }
    >
      󰃀
    </Text>
  </View>
</View>
`;
